    Checking serde v1.0.215
    Checking h2 v0.3.26
    Checking icu_properties v1.5.1
    Checking icu_normalizer v1.5.0
    Checking idna_adapter v1.2.0
    Checking idna v1.0.3
    Checking url v2.5.4
    Checking hyper v0.14.31
    Checking serde_json v1.0.133
    Checking serde_urlencoded v0.7.1
    Checking chrono v0.4.38
    Checking hyper-rustls v0.24.2
    Checking reqwest v0.11.27
    Checking athena-led v2.7.1 (C:\Users\47362\JDC-AX6600-Athena-LED-Controller\athena-led)
error[E0599]: no method named `write_data_flow` found for mutable reference `&mut LedScreen` in the current scope
   --> src\scheduler.rs:429:44
    |
429 | ...                   let _ = screen.write_data_flow(text.as_bytes(), led_flag).await;
    |                                      ^^^^^^^^^^^^^^^
    |
help: there is a method `write_data` with a similar name
    |
429 -                             let _ = screen.write_data_flow(text.as_bytes(), led_flag).await;
429 +                             let _ = screen.write_data(text.as_bytes(), led_flag).await;
    |

error[E0599]: no method named `write_data_static` found for mutable reference `&mut LedScreen` in the current scope
   --> src\scheduler.rs:431:44
    |
431 | ...                   let _ = screen.write_data_static(text.as_bytes(), led_flag).await;
    |                                      ^^^^^^^^^^^^^^^^^
    |
help: there is a method `write_data` with a similar name
    |
431 -                             let _ = screen.write_data_static(text.as_bytes(), led_flag).await;
431 +                             let _ = screen.write_data(text.as_bytes(), led_flag).await;
    |

error[E0599]: no method named `write_data_flow` found for mutable reference `&mut LedScreen` in the current scope
   --> src\scheduler.rs:437:44
    |
437 | ...                   let _ = screen.write_data_flow(txt.as_bytes(), led_flag).await;
    |                                      ^^^^^^^^^^^^^^^
    |
help: there is a method `write_data` with a similar name
    |
437 -                             let _ = screen.write_data_flow(txt.as_bytes(), led_flag).await;
437 +                             let _ = screen.write_data(txt.as_bytes(), led_flag).await;
    |

error[E0599]: no method named `write_data_static` found for mutable reference `&mut LedScreen` in the current scope
   --> src\scheduler.rs:439:44
    |
439 | ...                   let _ = screen.write_data_static(txt.as_bytes(), led_flag).await;
    |                                      ^^^^^^^^^^^^^^^^^
    |
help: there is a method `write_data` with a similar name
    |
439 -                             let _ = screen.write_data_static(txt.as_bytes(), led_flag).await;
439 +                             let _ = screen.write_data(txt.as_bytes(), led_flag).await;
    |

error[E0599]: no method named `write_data_flow` found for mutable reference `&mut LedScreen` in the current scope
   --> src\scheduler.rs:443:44
    |
443 | ...                   let _ = screen.write_data_flow(sub.content.as_bytes(), led_flag).await;
    |                                      ^^^^^^^^^^^^^^^
    |
help: there is a method `write_data` with a similar name
    |
443 -                             let _ = screen.write_data_flow(sub.content.as_bytes(), led_flag).await;
443 +                             let _ = screen.write_data(sub.content.as_bytes(), led_flag).await;
    |

error[E0599]: no method named `write_data_static` found for mutable reference `&mut LedScreen` in the current scope
   --> src\scheduler.rs:445:44
    |
445 | ...                   let _ = screen.write_data_static(sub.content.as_bytes(), led_flag).await;
    |                                      ^^^^^^^^^^^^^^^^^
    |
help: there is a method `write_data` with a similar name
    |
445 -                             let _ = screen.write_data_static(sub.content.as_bytes(), led_flag).await;
445 +                             let _ = screen.write_data(sub.content.as_bytes(), led_flag).await;
    |

warning: unused variable: `last_tx`
   --> src\monitor.rs:856:19
    |
856 |     let (last_rx, last_tx, last_time) = self.net_speed_cache
    |                   ^^^^^^^ help: if this is intentional, prefix it with an underscore: `_last_tx`
    |
    = note: `#[warn(unused_variables)]` (part of `#[warn(unused)]`) on by default

warning: unused variable: `args`
   --> src\states.rs:137:46
    |
137 |     fn matches(&self, m: &mut SystemMonitor, args: &Args, signals: &HashMap<String, Instant>) -> bool {
    |                                              ^^^^ help: if this is intentional, prefix it with an underscore: `_args`

For more information about this error, try `rustc --explain E0599`.
warning: `athena-led` (bin "athena-led") generated 2 warnings
error: could not compile `athena-led` (bin "athena-led") due to 6 previous errors; 2 warnings emitted
