    Checking athena-led v2.7.1 (C:\Users\47362\JDC-AX6600-Athena-LED-Controller\athena-led)
error[E0308]: mismatched types
   --> src\scheduler.rs:429:87
    |
429 | ...                   let _ = screen.write_data_mode(text.as_bytes(), led_flag, sub.mode, frame_ms).await;
    |                                      ---------------                            ^^^^^^^^ expected `&str`, found `String`
    |                                      |
    |                                      arguments to this method are incorrect
    |
note: method defined here
   --> src\led_screen_sim.rs:59:18
    |
 59 |     pub async fn write_data_mode(&mut self, data: &[u8], flag: u8, _mode: &str, _frame_ms: u64) -> Result<()> {
    |                  ^^^^^^^^^^^^^^^                                   -----------
help: consider borrowing here
    |
429 |                             let _ = screen.write_data_mode(text.as_bytes(), led_flag, &sub.mode, frame_ms).await;
    |                                                                                       +

error[E0308]: mismatched types
   --> src\scheduler.rs:435:86
    |
435 | ...                   let _ = screen.write_data_mode(txt.as_bytes(), led_flag, sub.mode, frame_ms).await;
    |                                      ---------------                           ^^^^^^^^ expected `&str`, found `String`
    |                                      |
    |                                      arguments to this method are incorrect
    |
note: method defined here
   --> src\led_screen_sim.rs:59:18
    |
 59 |     pub async fn write_data_mode(&mut self, data: &[u8], flag: u8, _mode: &str, _frame_ms: u64) -> Result<()> {
    |                  ^^^^^^^^^^^^^^^                                   -----------
help: consider borrowing here
    |
435 |                             let _ = screen.write_data_mode(txt.as_bytes(), led_flag, &sub.mode, frame_ms).await;
    |                                                                                      +

error[E0308]: mismatched types
   --> src\scheduler.rs:441:94
    |
441 | ...                   let _ = screen.write_data_mode(sub.content.as_bytes(), led_flag, sub.mode, frame_ms).await;
    |                                      ---------------                                   ^^^^^^^^ expected `&str`, found `String`
    |                                      |
    |                                      arguments to this method are incorrect
    |
note: method defined here
   --> src\led_screen_sim.rs:59:18
    |
 59 |     pub async fn write_data_mode(&mut self, data: &[u8], flag: u8, _mode: &str, _frame_ms: u64) -> Result<()> {
    |                  ^^^^^^^^^^^^^^^                                   -----------
help: consider borrowing here
    |
441 |                             let _ = screen.write_data_mode(sub.content.as_bytes(), led_flag, &sub.mode, frame_ms).await;
    |                                                                                              +

warning: unused variable: `last_tx`
   --> src\monitor.rs:856:19
    |
856 |     let (last_rx, last_tx, last_time) = self.net_speed_cache
    |                   ^^^^^^^ help: if this is intentional, prefix it with an underscore: `_last_tx`
    |
    = note: `#[warn(unused_variables)]` (part of `#[warn(unused)]`) on by default

warning: unused variable: `args`
   --> src\states.rs:137:46
    |
137 |     fn matches(&self, m: &mut SystemMonitor, args: &Args, signals: &HashMap<String, Instant>) -> bool {
    |                                              ^^^^ help: if this is intentional, prefix it with an underscore: `_args`

For more information about this error, try `rustc --explain E0308`.
warning: `athena-led` (bin "athena-led") generated 2 warnings
error: could not compile `athena-led` (bin "athena-led") due to 3 previous errors; 2 warnings emitted
